#-----------------------------------------------------------
# Vivado v2017.2 (64-bit)
# SW Build 1909853 on Thu Jun 15 18:39:09 MDT 2017
# IP Build 1909766 on Thu Jun 15 19:58:00 MDT 2017
# Start of session at: Tue Nov 14 20:16:58 2017
# Process ID: 1012
# Current directory: C:/Users/cao2/Desktop/soci/soci/soc_ic
# Command line: vivado.exe -gui_launcher_event rodinguilauncherevent3120 C:\Users\cao2\Desktop\soci\soci\soc_ic\soc_ic.xpr
# Log file: C:/Users/cao2/Desktop/soci/soci/soc_ic/vivado.log
# Journal file: C:/Users/cao2/Desktop/soci/soci/soc_ic\vivado.jou
#-----------------------------------------------------------
start_gui
open_project C:/Users/cao2/Desktop/soci/soci/soc_ic/soc_ic.xpr
update_compile_order -fileset sources_1
reset_run synth_4
launch_runs synth_4
wait_on_run synth_4
launch_runs impl_4
wait_on_run impl_4
synth_design -rtl -name rtl_1
open_run synth_4 -name synth_4
report_utilization -name utilization_1
# Disabling source management mode.  This is to allow the top design properties to be set without GUI intervention.
set_property source_mgmt_mode None [current_project]
set_property top fifo32 [current_fileset]
# Re-enabling previously disabled source management mode.
set_property source_mgmt_mode All [current_project]
update_compile_order -fileset sources_1
reset_run synth_4
launch_runs synth_4
wait_on_run synth_4
# Disabling source management mode.  This is to allow the top design properties to be set without GUI intervention.
set_property source_mgmt_mode None [current_project]
set_property top top [current_fileset]
# Re-enabling previously disabled source management mode.
set_property source_mgmt_mode All [current_project]
update_compile_order -fileset sources_1
reset_simulation -simset sim_1 -mode post-synthesis -type functional
close_design
close_design
reset_run synth_4
launch_runs synth_4
wait_on_run synth_4
open_run synth_4 -name synth_4
close_design
launch_simulation
open_wave_config C:/Users/cao2/Desktop/soci/soci/soc_ic/top_behav.wcfg
source top.tcl
create_run synth_5 -flow {Vivado Synthesis 2017}
current_run [get_runs synth_5]
launch_runs synth_5 -jobs 4
wait_on_run synth_5
create_run synth_6 -flow {Vivado Synthesis 2017} -strategy {Vivado Synthesis Defaults}
current_run [get_runs synth_6]
set_property loop_count 1031 [current_fileset]
set_property STEPS.SYNTH_DESIGN.ARGS.BUFG 59 [get_runs synth_6]
set_property STEPS.SYNTH_DESIGN.ARGS.MAX_BRAM 6 [get_runs synth_6]
set_property STEPS.SYNTH_DESIGN.ARGS.MAX_URAM 6 [get_runs synth_6]
set_property STEPS.SYNTH_DESIGN.ARGS.MAX_DSP 6 [get_runs synth_6]
set_property STEPS.SYNTH_DESIGN.ARGS.MAX_BRAM_CASCADE_HEIGHT 6 [get_runs synth_6]
set_property STEPS.SYNTH_DESIGN.ARGS.MAX_URAM_CASCADE_HEIGHT 7 [get_runs synth_6]
launch_runs synth_6 -jobs 8
wait_on_run synth_6
delete_runs "synth_4"
delete_runs "synth_5"
reset_run synth_3
launch_runs synth_3 -jobs 8
wait_on_run synth_3
open_run synth_6 -name synth_6
close_design
current_run [get_runs synth_3]
current_run [get_runs synth_2]
reset_run synth_2
launch_runs synth_2 -jobs 8
wait_on_run synth_2
set_param synth.elaboration.rodinMoreOptions "rtl::set_parameter maxRomAddrWidth 100"
close_sim
